ok - a landed GitLab merge request is reported upward on the same channel
ok - a queued GitLab merge stays silent and leaves confirmation to the armed poll
ok - a refused or failed merge reports no outcome
ok - a GitLab merge refused before the forge call reports no outcome
ok - a merge a main home performs itself leaves one durable wake naming the PR
ok - a queued GitHub merge stays silent and leaves confirmation to the armed poll
ok - distinct merged PRs for one task retain distinct captain-facing wakes
ok - an uncommitted marker retry preserves at least one durable outcome
ok - a secondmate home that cannot report upward says so instead of merging in silence
ok - fm-pr-merge proceeds when the home carries no backlog at all
ok - fm-pr-merge refuses when the backlog exists but cannot be read
ok - fm-pr-merge refuses when its configured backend cannot be read
ok - fm-pr-merge refuses when its user backend configuration cannot be read
ok - fm-pr-merge refuses when its user backend configuration directory cannot be traversed
ok - fm-pr-merge proceeds once when its user configuration directory and backlog are genuinely absent
ok - fm-pr-merge honors a backend override over an unreadable user configuration
ok - fm-pr-merge refuses red GitHub checks and waives only a named --allow-red check
ok - fm-pr-merge refuses a draft pull request and one with no boolean draft state
ok - fm-pr-merge merges when a failed check run was replaced by a passing re-run
ok - fm-pr-merge never lets a check run supersede a legacy status context
ok - fm-pr-merge still refuses when a check's current run failed after an earlier pass
ok - fm-pr-merge uses start order when the old success finishes last
ok - fm-pr-merge supersedes an old cancellation that finishes last
ok - fm-pr-merge keeps a check red while its re-run is still in flight
ok - fm-pr-merge never lets one check's pass clear another check's failure
ok - fm-pr-merge clears a failure only on a proven later pass of the same check
ok - fm-pr-merge keeps --allow-red scoped to its named check beside a superseded failure
ok - fm-pr-merge rechecks away presence before an attended red merge
ok - fm-pr-merge accepts exactly one separately named red-check waiver
ok - while the away-posture record exists any green merge lands under away authority, yolo or not, and attended merges stay untagged
ok - under the away-posture record the branch merges a green task, is refused on a red check with or without --allow-red, and is refused at the partition while attended
ok - a branch merge refuses under the lock when the away record is archived during preflight
ok - away posture permits immediate merges but refuses every asynchronous path
ok - away merge proceeds on a plan-gated 403 because that repository cannot have a merge queue
ok - the away record does not bypass red checks, and a recorded pr= must match the URL
ok - an unreadable away-posture record refuses the merge instead of skipping the record
ok - no away-record archive or replacement lands between the authority read and the merge
ok - a record made unreadable before the merge's own authority read refuses the merge
ok - a merge that cannot lock the away record refuses instead of merging unlocked
ok - fm-pr-merge refuses --allow-red on GitLab
ok - fm-pr-merge succeeds for a green Forgejo pull request
ok - fm-pr-merge refuses each Forgejo pre-merge condition independently
ok - fm-pr-merge refuses a Forgejo pull request whose commit status is not success
ok - fm-pr-merge merges a Forgejo pull request with no CI configured (total_count=0)
ok - fm-pr-merge reports all failing Forgejo pre-merge conditions together
ok - fm-pr-merge propagates a Forgejo merge POST failure
ok - fm-pr-merge refuses a Forgejo merge when the credentials file is absent
ok - fm-pr-merge refuses --allow-red on Forgejo
ok - fm-pr-merge maps --squash/--merge/--rebase to the Forgejo merge Do field
ok - fm-pr-merge passes the verified head SHA as head_commit_id in the Forgejo merge body
