fm-install-treehouse.sh: downloading treehouse-v3.1.0-linux-arm64.tar.gz from https://github.com/kunchenguid/treehouse/releases/download/v3.1.0/treehouse-v3.1.0-linux-arm64.tar.gz
fm-install-treehouse.sh: installed treehouse v3.1.0 to /var/lib/nixbuilder/.no-mistakes/evidence/01M44RAY9BT69T7CGNREH3HRZJ/th-install/treehouse
v3.1.0
v3.1.0
Treehouse maintains a pool of reusable, pre-warmed git worktrees
so that multiple AI coding agents can work on the same repo in parallel.

Usage:
  treehouse [flags]
  treehouse [command]

Available Commands:
  completion  Generate the autocompletion script for the specified shell
  destroy     Remove worktrees from the pool, safely by default
  enter       Open a subshell in an existing worktree by name, even if in use
  get         Acquire a worktree from the pool and open a subshell
  help        Help about any command
  init        Create a default treehouse.toml config file
  lease       Durably lease an existing pool worktree in place, without touching it
  prune       Remove stale worktrees and opted-in orphans from the pool
  return      Terminate lingering processes and return a worktree
  status      Show the status of all worktrees in the pool
  update      Update treehouse to the latest version

Flags:
  -h, --help          help for treehouse
      --root string   Worktree root directory, overriding TREEHOUSE_ROOT and config; relative paths (e.g. "." for an in-project pool) resolve from the repo root
  -v, --version       version for treehouse

Use "treehouse [command] --help" for more information about a command.
